2026-05-31 15:03:49,963 [INFO] args=Namespace(num_samples=16, num_runs=5, num_steps=100, cond_mode='own', gpu='0', seed=42, output_dir='/home/jimmy/diffae/QATcode/quantize_ver2/analysis_L2_results', fp_model_path='/home/jimmy/diffae/checkpoints/ffhq128_autoenc_latent/last.ckpt', qat_ckpt_path='/home/jimmy/diffae/QATcode/quantize_ver2/checkpoints/diffae_step6_lora_best.pth', keep_trajectories=False)
2026-05-31 15:03:49,964 [INFO] Loading FP Diff-AE model
2026-05-31 15:03:49,964 [INFO] 載入 Diff-AE 模型: /home/jimmy/diffae/checkpoints/ffhq128_autoenc_latent/last.ckpt
2026-05-31 15:04:11,107 [INFO] Diff-AE 模型載入完成
2026-05-31 15:04:12,428 [INFO] [FP] run 1/5 seed=42
2026-05-31 15:04:25,507 [INFO] [FP] run 2/5 seed=43
2026-05-31 15:04:35,718 [INFO] [FP] run 3/5 seed=44
2026-05-31 15:04:45,732 [INFO] [FP] run 4/5 seed=45
2026-05-31 15:04:55,621 [INFO] [FP] run 5/5 seed=46
2026-05-31 15:05:06,215 [INFO] Loading Q-DiffAE W8A8 model
2026-05-31 15:05:06,215 [INFO] 載入 Diff-AE 模型: /home/jimmy/diffae/checkpoints/ffhq128_autoenc_latent/last.ckpt
2026-05-31 15:05:08,457 [INFO] Diff-AE 模型載入完成
2026-05-31 15:05:08,574 [INFO] === 創建 LoRA 量化模型 ===
2026-05-31 15:05:08,575 [INFO] === 開始 UNet LoRA 量化改造 ===
2026-05-31 15:05:08,575 [INFO] 改造模組: time_embed
2026-05-31 15:05:08,575 [INFO]   跳過量化特殊模組: 0
2026-05-31 15:05:08,575 [INFO]   跳過量化特殊模組: 2
2026-05-31 15:05:08,575 [INFO] 改造模組: input_blocks
2026-05-31 15:05:08,575 [INFO]   跳過量化特殊模組: 0
2026-05-31 15:05:08,575 [INFO]   替換層 2 -> QuantModule_DiffAE_LoRA
2026-05-31 15:05:08,782 [INFO]   替換層 1 -> QuantModule_DiffAE_LoRA
2026-05-31 15:05:08,784 [INFO]   替換層 1 -> QuantModule_DiffAE_LoRA
2026-05-31 15:05:08,785 [INFO]   替換層 3 -> QuantModule_DiffAE_LoRA
2026-05-31 15:05:08,786 [INFO]   替換層 2 -> QuantModule_DiffAE_LoRA
2026-05-31 15:05:08,788 [INFO]   替換層 1 -> QuantModule_DiffAE_LoRA
2026-05-31 15:05:08,790 [INFO]   替換層 1 -> QuantModule_DiffAE_LoRA
2026-05-31 15:05:08,792 [INFO]   替換層 3 -> QuantModule_DiffAE_LoRA
2026-05-31 15:05:08,794 [INFO]   替換層 2 -> QuantModule_DiffAE_LoRA
2026-05-31 15:05:08,795 [INFO]   替換層 1 -> QuantModule_DiffAE_LoRA
2026-05-31 15:05:08,796 [INFO]   替換層 1 -> QuantModule_DiffAE_LoRA
2026-05-31 15:05:08,797 [INFO]   替換層 3 -> QuantModule_DiffAE_LoRA
2026-05-31 15:05:08,798 [INFO]   替換層 2 -> QuantModule_DiffAE_LoRA
2026-05-31 15:05:08,800 [INFO]   替換層 1 -> QuantModule_DiffAE_LoRA
2026-05-31 15:05:08,802 [INFO]   替換層 1 -> QuantModule_DiffAE_LoRA
2026-05-31 15:05:08,803 [INFO]   替換層 3 -> QuantModule_DiffAE_LoRA
2026-05-31 15:05:08,804 [INFO]   替換層 2 -> QuantModule_DiffAE_LoRA
2026-05-31 15:05:08,805 [INFO]   替換層 1 -> QuantModule_DiffAE_LoRA
2026-05-31 15:05:08,807 [INFO]   替換層 1 -> QuantModule_DiffAE_LoRA
2026-05-31 15:05:08,808 [INFO]   替換層 3 -> QuantModule_DiffAE_LoRA
2026-05-31 15:05:08,810 [INFO]   替換層 2 -> QuantModule_DiffAE_LoRA
2026-05-31 15:05:08,811 [INFO]   替換層 1 -> QuantModule_DiffAE_LoRA
2026-05-31 15:05:08,812 [INFO]   替換層 1 -> QuantModule_DiffAE_LoRA
2026-05-31 15:05:08,814 [INFO]   替換層 3 -> QuantModule_DiffAE_LoRA
2026-05-31 15:05:08,815 [INFO]   替換層 2 -> QuantModule_DiffAE_LoRA
2026-05-31 15:05:08,817 [INFO]   替換層 1 -> QuantModule_DiffAE_LoRA
2026-05-31 15:05:08,819 [INFO]   替換層 1 -> QuantModule_DiffAE_LoRA
2026-05-31 15:05:08,821 [INFO]   替換層 3 -> QuantModule_DiffAE_LoRA
2026-05-31 15:05:08,824 [INFO]   跳過量化 skip connection: skip_connection
2026-05-31 15:05:08,824 [INFO]   替換層 2 -> QuantModule_DiffAE_LoRA
2026-05-31 15:05:08,827 [INFO]   替換層 1 -> QuantModule_DiffAE_LoRA
2026-05-31 15:05:08,829 [INFO]   替換層 1 -> QuantModule_DiffAE_LoRA
2026-05-31 15:05:08,831 [INFO]   替換層 3 -> QuantModule_DiffAE_LoRA
2026-05-31 15:05:08,835 [INFO]   替換層 2 -> QuantModule_DiffAE_LoRA
2026-05-31 15:05:08,838 [INFO]   替換層 1 -> QuantModule_DiffAE_LoRA
2026-05-31 15:05:08,840 [INFO]   替換層 1 -> QuantModule_DiffAE_LoRA
2026-05-31 15:05:08,841 [INFO]   替換層 3 -> QuantModule_DiffAE_LoRA
2026-05-31 15:05:08,845 [INFO]   替換層 2 -> QuantModule_DiffAE_LoRA
2026-05-31 15:05:08,850 [INFO]   替換層 1 -> QuantModule_DiffAE_LoRA
2026-05-31 15:05:08,852 [INFO]   替換層 1 -> QuantModule_DiffAE_LoRA
2026-05-31 15:05:08,854 [INFO]   替換層 3 -> QuantModule_DiffAE_LoRA
2026-05-31 15:05:08,860 [INFO]   跳過量化 skip connection: skip_connection
2026-05-31 15:05:08,861 [INFO]   替換層 2 -> QuantModule_DiffAE_LoRA
2026-05-31 15:05:08,865 [INFO]   替換層 1 -> QuantModule_DiffAE_LoRA
2026-05-31 15:05:08,868 [INFO]   替換層 1 -> QuantModule_DiffAE_LoRA
2026-05-31 15:05:08,870 [INFO]   替換層 3 -> QuantModule_DiffAE_LoRA
2026-05-31 15:05:08,876 [INFO]   替換層 2 -> QuantModule_DiffAE_LoRA
2026-05-31 15:05:08,882 [INFO]   替換層 1 -> QuantModule_DiffAE_LoRA
2026-05-31 15:05:08,884 [INFO]   替換層 1 -> QuantModule_DiffAE_LoRA
2026-05-31 15:05:08,885 [INFO]   替換層 3 -> QuantModule_DiffAE_LoRA
2026-05-31 15:05:08,892 [INFO]   替換層 2 -> QuantModule_DiffAE_LoRA
2026-05-31 15:05:08,898 [INFO]   替換層 1 -> QuantModule_DiffAE_LoRA
2026-05-31 15:05:08,901 [INFO]   替換層 1 -> QuantModule_DiffAE_LoRA
2026-05-31 15:05:08,903 [INFO]   替換層 3 -> QuantModule_DiffAE_LoRA
2026-05-31 15:05:08,911 [INFO]   跳過量化 skip connection: skip_connection
2026-05-31 15:05:08,911 [INFO]   替換層 2 -> QuantModule_DiffAE_LoRA
2026-05-31 15:05:08,921 [INFO]   替換層 1 -> QuantModule_DiffAE_LoRA
2026-05-31 15:05:08,925 [INFO]   替換層 1 -> QuantModule_DiffAE_LoRA
2026-05-31 15:05:08,926 [INFO]   替換層 3 -> QuantModule_DiffAE_LoRA
2026-05-31 15:05:08,934 [INFO] 改造模組: middle_block
2026-05-31 15:05:08,934 [INFO]   替換層 2 -> QuantModule_DiffAE_LoRA
2026-05-31 15:05:08,942 [INFO]   替換層 1 -> QuantModule_DiffAE_LoRA
2026-05-31 15:05:08,946 [INFO]   替換層 1 -> QuantModule_DiffAE_LoRA
2026-05-31 15:05:08,948 [INFO]   替換層 3 -> QuantModule_DiffAE_LoRA
2026-05-31 15:05:08,958 [INFO]   替換層 2 -> QuantModule_DiffAE_LoRA
2026-05-31 15:05:08,969 [INFO]   替換層 1 -> QuantModule_DiffAE_LoRA
2026-05-31 15:05:08,973 [INFO]   替換層 1 -> QuantModule_DiffAE_LoRA
2026-05-31 15:05:08,975 [INFO]   替換層 3 -> QuantModule_DiffAE_LoRA
2026-05-31 15:05:08,985 [INFO] 改造模組: output_blocks
2026-05-31 15:05:08,986 [INFO]   替換層 2 -> QuantModule_DiffAE_LoRA
2026-05-31 15:05:09,003 [INFO]   替換層 1 -> QuantModule_DiffAE_LoRA
2026-05-31 15:05:09,007 [INFO]   替換層 1 -> QuantModule_DiffAE_LoRA
2026-05-31 15:05:09,009 [INFO]   替換層 3 -> QuantModule_DiffAE_LoRA
2026-05-31 15:05:09,018 [INFO]   跳過量化 skip connection: skip_connection
2026-05-31 15:05:09,019 [INFO]   替換層 2 -> QuantModule_DiffAE_LoRA
2026-05-31 15:05:09,036 [INFO]   替換層 1 -> QuantModule_DiffAE_LoRA
2026-05-31 15:05:09,039 [INFO]   替換層 1 -> QuantModule_DiffAE_LoRA
2026-05-31 15:05:09,041 [INFO]   替換層 3 -> QuantModule_DiffAE_LoRA
2026-05-31 15:05:09,050 [INFO]   跳過量化 skip connection: skip_connection
2026-05-31 15:05:09,050 [INFO]   替換層 2 -> QuantModule_DiffAE_LoRA
2026-05-31 15:05:09,065 [INFO]   替換層 1 -> QuantModule_DiffAE_LoRA
2026-05-31 15:05:09,067 [INFO]   替換層 1 -> QuantModule_DiffAE_LoRA
2026-05-31 15:05:09,070 [INFO]   替換層 3 -> QuantModule_DiffAE_LoRA
2026-05-31 15:05:09,079 [INFO]   跳過量化 skip connection: skip_connection
2026-05-31 15:05:09,079 [INFO]   替換層 2 -> QuantModule_DiffAE_LoRA
2026-05-31 15:05:09,087 [INFO]   替換層 1 -> QuantModule_DiffAE_LoRA
2026-05-31 15:05:09,090 [INFO]   替換層 1 -> QuantModule_DiffAE_LoRA
2026-05-31 15:05:09,093 [INFO]   替換層 3 -> QuantModule_DiffAE_LoRA
2026-05-31 15:05:09,101 [INFO]   替換層 2 -> QuantModule_DiffAE_LoRA
2026-05-31 15:05:09,113 [INFO]   替換層 1 -> QuantModule_DiffAE_LoRA
2026-05-31 15:05:09,116 [INFO]   替換層 1 -> QuantModule_DiffAE_LoRA
2026-05-31 15:05:09,118 [INFO]   替換層 3 -> QuantModule_DiffAE_LoRA
2026-05-31 15:05:09,124 [INFO]   跳過量化 skip connection: skip_connection
2026-05-31 15:05:09,124 [INFO]   替換層 2 -> QuantModule_DiffAE_LoRA
2026-05-31 15:05:09,134 [INFO]   替換層 1 -> QuantModule_DiffAE_LoRA
2026-05-31 15:05:09,136 [INFO]   替換層 1 -> QuantModule_DiffAE_LoRA
2026-05-31 15:05:09,138 [INFO]   替換層 3 -> QuantModule_DiffAE_LoRA
2026-05-31 15:05:09,146 [INFO]   跳過量化 skip connection: skip_connection
2026-05-31 15:05:09,146 [INFO]   替換層 2 -> QuantModule_DiffAE_LoRA
2026-05-31 15:05:09,154 [INFO]   替換層 1 -> QuantModule_DiffAE_LoRA
2026-05-31 15:05:09,156 [INFO]   替換層 1 -> QuantModule_DiffAE_LoRA
2026-05-31 15:05:09,158 [INFO]   替換層 3 -> QuantModule_DiffAE_LoRA
2026-05-31 15:05:09,164 [INFO]   跳過量化 skip connection: skip_connection
2026-05-31 15:05:09,165 [INFO]   替換層 2 -> QuantModule_DiffAE_LoRA
2026-05-31 15:05:09,171 [INFO]   替換層 1 -> QuantModule_DiffAE_LoRA
2026-05-31 15:05:09,175 [INFO]   替換層 1 -> QuantModule_DiffAE_LoRA
2026-05-31 15:05:09,176 [INFO]   替換層 3 -> QuantModule_DiffAE_LoRA
2026-05-31 15:05:09,182 [INFO]   替換層 2 -> QuantModule_DiffAE_LoRA
2026-05-31 15:05:09,189 [INFO]   替換層 1 -> QuantModule_DiffAE_LoRA
2026-05-31 15:05:09,191 [INFO]   替換層 1 -> QuantModule_DiffAE_LoRA
2026-05-31 15:05:09,192 [INFO]   替換層 3 -> QuantModule_DiffAE_LoRA
2026-05-31 15:05:09,196 [INFO]   跳過量化 skip connection: skip_connection
2026-05-31 15:05:09,196 [INFO]   替換層 2 -> QuantModule_DiffAE_LoRA
2026-05-31 15:05:09,201 [INFO]   替換層 1 -> QuantModule_DiffAE_LoRA
2026-05-31 15:05:09,203 [INFO]   替換層 1 -> QuantModule_DiffAE_LoRA
2026-05-31 15:05:09,205 [INFO]   替換層 3 -> QuantModule_DiffAE_LoRA
2026-05-31 15:05:09,208 [INFO]   跳過量化 skip connection: skip_connection
2026-05-31 15:05:09,208 [INFO]   替換層 2 -> QuantModule_DiffAE_LoRA
2026-05-31 15:05:09,213 [INFO]   替換層 1 -> QuantModule_DiffAE_LoRA
2026-05-31 15:05:09,215 [INFO]   替換層 1 -> QuantModule_DiffAE_LoRA
2026-05-31 15:05:09,215 [INFO]   替換層 3 -> QuantModule_DiffAE_LoRA
2026-05-31 15:05:09,218 [INFO]   跳過量化 skip connection: skip_connection
2026-05-31 15:05:09,218 [INFO]   替換層 2 -> QuantModule_DiffAE_LoRA
2026-05-31 15:05:09,222 [INFO]   替換層 1 -> QuantModule_DiffAE_LoRA
2026-05-31 15:05:09,225 [INFO]   替換層 1 -> QuantModule_DiffAE_LoRA
2026-05-31 15:05:09,226 [INFO]   替換層 3 -> QuantModule_DiffAE_LoRA
2026-05-31 15:05:09,230 [INFO]   替換層 2 -> QuantModule_DiffAE_LoRA
2026-05-31 15:05:09,232 [INFO]   替換層 1 -> QuantModule_DiffAE_LoRA
2026-05-31 15:05:09,233 [INFO]   替換層 1 -> QuantModule_DiffAE_LoRA
2026-05-31 15:05:09,235 [INFO]   替換層 3 -> QuantModule_DiffAE_LoRA
2026-05-31 15:05:09,236 [INFO]   跳過量化 skip connection: skip_connection
2026-05-31 15:05:09,236 [INFO]   替換層 2 -> QuantModule_DiffAE_LoRA
2026-05-31 15:05:09,239 [INFO]   替換層 1 -> QuantModule_DiffAE_LoRA
2026-05-31 15:05:09,240 [INFO]   替換層 1 -> QuantModule_DiffAE_LoRA
2026-05-31 15:05:09,241 [INFO]   替換層 3 -> QuantModule_DiffAE_LoRA
2026-05-31 15:05:09,243 [INFO]   跳過量化 skip connection: skip_connection
2026-05-31 15:05:09,243 [INFO]   替換層 2 -> QuantModule_DiffAE_LoRA
2026-05-31 15:05:09,245 [INFO]   替換層 1 -> QuantModule_DiffAE_LoRA
2026-05-31 15:05:09,246 [INFO]   替換層 1 -> QuantModule_DiffAE_LoRA
2026-05-31 15:05:09,248 [INFO]   替換層 3 -> QuantModule_DiffAE_LoRA
2026-05-31 15:05:09,250 [INFO]   跳過量化 skip connection: skip_connection
2026-05-31 15:05:09,250 [INFO]   替換層 2 -> QuantModule_DiffAE_LoRA
2026-05-31 15:05:09,252 [INFO]   替換層 1 -> QuantModule_DiffAE_LoRA
2026-05-31 15:05:09,252 [INFO]   替換層 1 -> QuantModule_DiffAE_LoRA
2026-05-31 15:05:09,253 [INFO]   替換層 3 -> QuantModule_DiffAE_LoRA
2026-05-31 15:05:09,253 [INFO]   替換層 2 -> QuantModule_DiffAE_LoRA
2026-05-31 15:05:09,256 [INFO]   替換層 1 -> QuantModule_DiffAE_LoRA
2026-05-31 15:05:09,257 [INFO]   替換層 1 -> QuantModule_DiffAE_LoRA
2026-05-31 15:05:09,258 [INFO]   替換層 3 -> QuantModule_DiffAE_LoRA
2026-05-31 15:05:09,260 [INFO]   跳過量化 skip connection: skip_connection
2026-05-31 15:05:09,260 [INFO]   替換層 2 -> QuantModule_DiffAE_LoRA
2026-05-31 15:05:09,262 [INFO]   替換層 1 -> QuantModule_DiffAE_LoRA
2026-05-31 15:05:09,263 [INFO]   替換層 1 -> QuantModule_DiffAE_LoRA
2026-05-31 15:05:09,265 [INFO]   替換層 3 -> QuantModule_DiffAE_LoRA
2026-05-31 15:05:09,267 [INFO]   跳過量化 skip connection: skip_connection
2026-05-31 15:05:09,267 [INFO]   替換層 2 -> QuantModule_DiffAE_LoRA
2026-05-31 15:05:09,269 [INFO]   替換層 1 -> QuantModule_DiffAE_LoRA
2026-05-31 15:05:09,270 [INFO]   替換層 1 -> QuantModule_DiffAE_LoRA
2026-05-31 15:05:09,271 [INFO]   替換層 3 -> QuantModule_DiffAE_LoRA
2026-05-31 15:05:09,273 [INFO]   跳過量化 skip connection: skip_connection
2026-05-31 15:05:09,273 [INFO] 改造模組: out
2026-05-31 15:05:09,273 [INFO]   跳過量化特殊模組: 2
2026-05-31 15:05:09,278 [INFO] 執行 'create_float_quantized_model' 完成，耗時: 0.70 秒
2026-05-31 15:05:10,146 [INFO] 載入校準資料...
2026-05-31 15:05:13,674 [INFO] ✅ 載入真實校準資料成功
2026-05-31 15:05:13,679 [INFO] ==================================================
2026-05-31 15:05:13,679 [INFO] 5. Setting first and last layers to 8-bit...
2026-05-31 15:05:13,681 [INFO] 找到 144 個量化模組
2026-05-31 15:05:13,681 [INFO] ✅ 首尾層 8-bit 設定完成
2026-05-31 15:05:13,681 [INFO] set quant state to True, True for layer 1
2026-05-31 15:05:13,681 [INFO] set quant state to True, True for layer 2
2026-05-31 15:05:13,681 [INFO] set quant state to True, False for layer 3
2026-05-31 15:05:13,683 [INFO] set quant state to False, False for layer 144
2026-05-31 15:05:34,621 [INFO] EMA(load from ema_model.model.*): provided=1106 effective_loaded=1106 missing=0 unexpected=0
2026-05-31 15:05:35,539 [INFO] MODEL(load from model.model.*): provided=1106 effective_loaded=1106 missing=0 unexpected=0
2026-05-31 15:05:35,539 [INFO] set quant state to True, True for layer 1
2026-05-31 15:05:35,539 [INFO] set quant state to True, True for layer 2
2026-05-31 15:05:35,539 [INFO] set quant state to True, False for layer 3
2026-05-31 15:05:35,542 [INFO] set quant state to False, False for layer 144
2026-05-31 15:05:35,588 [INFO] [Q] run 1/5 seed=42 cond_mode=own
2026-05-31 15:05:56,808 [INFO] [Q] run 2/5 seed=43 cond_mode=own
2026-05-31 15:06:17,788 [INFO] [Q] run 3/5 seed=44 cond_mode=own
2026-05-31 15:06:38,765 [INFO] [Q] run 4/5 seed=45 cond_mode=own
2026-05-31 15:06:59,620 [INFO] [Q] run 5/5 seed=46 cond_mode=own
2026-05-31 15:07:20,743 [INFO] Saved numeric results to /home/jimmy/diffae/QATcode/quantize_ver2/analysis_L2_results/l2_mse_results.json
2026-05-31 15:07:21,863 [INFO] Saved figures to /home/jimmy/diffae/QATcode/quantize_ver2/analysis_L2_results
2026-05-31 15:07:22,114 [INFO] Removed temporary trajectories: /home/jimmy/diffae/QATcode/quantize_ver2/analysis_L2_results/_fp_trajectories
